github.com/a2sh3r/sysmetrics/cmd/agent/main.go:19:					printBuildInfo			0.0%
github.com/a2sh3r/sysmetrics/cmd/agent/main.go:34:					main				0.0%
github.com/a2sh3r/sysmetrics/cmd/server/main.go:16:					printBuildInfo			0.0%
github.com/a2sh3r/sysmetrics/cmd/server/main.go:31:					main				0.0%
github.com/a2sh3r/sysmetrics/cmd/staticlint/main.go:85:					runExitCheck			0.0%
github.com/a2sh3r/sysmetrics/cmd/staticlint/main.go:107:				isOSExitCall			0.0%
github.com/a2sh3r/sysmetrics/cmd/staticlint/main.go:117:				isInMainFunction		0.0%
github.com/a2sh3r/sysmetrics/cmd/staticlint/main.go:139:				main				0.0%
github.com/a2sh3r/sysmetrics/internal/agent/agent.go:25:				NewAgent			100.0%
github.com/a2sh3r/sysmetrics/internal/agent/agent.go:34:				Run				71.9%
github.com/a2sh3r/sysmetrics/internal/agent/agent.go:89:				sendMetrics			0.0%
github.com/a2sh3r/sysmetrics/internal/agent/collector/collector.go:10:			NewCollector			100.0%
github.com/a2sh3r/sysmetrics/internal/agent/collector/collector.go:14:			CollectMetrics			100.0%
github.com/a2sh3r/sysmetrics/internal/agent/metrics/metrics.go:47:			NewMetrics			100.0%
github.com/a2sh3r/sysmetrics/internal/agent/metrics/metrics.go:88:			UpdateSystemMetrics		100.0%
github.com/a2sh3r/sysmetrics/internal/agent/sender/sender.go:31:			NewSender			100.0%
github.com/a2sh3r/sysmetrics/internal/agent/sender/sender.go:49:			toModelMetrics			94.1%
github.com/a2sh3r/sysmetrics/internal/agent/sender/sender.go:95:			sendMetricsBatchJSON		73.8%
github.com/a2sh3r/sysmetrics/internal/agent/sender/sender.go:166:			SendMetrics			90.9%
github.com/a2sh3r/sysmetrics/internal/agent/sender/sender.go:186:			SendMetricsWithRetries		90.9%
github.com/a2sh3r/sysmetrics/internal/agent/utils/utils.go:10:				CompressData			54.5%
github.com/a2sh3r/sysmetrics/internal/agent/utils/utils.go:28:				GetLocalIP			83.3%
github.com/a2sh3r/sysmetrics/internal/agent/worker_pool.go:21:				NewMetricsWorker		100.0%
github.com/a2sh3r/sysmetrics/internal/agent/worker_pool.go:32:				Start				69.2%
github.com/a2sh3r/sysmetrics/internal/agent/worker_pool.go:57:				SendMetrics			50.0%
github.com/a2sh3r/sysmetrics/internal/agent/worker_pool.go:65:				Stop				90.0%
github.com/a2sh3r/sysmetrics/internal/config/config.go:36:				loadConfigFile			16.7%
github.com/a2sh3r/sysmetrics/internal/config/config.go:59:				getConfigPath			77.8%
github.com/a2sh3r/sysmetrics/internal/config/config.go:77:				NewAgentConfig			77.8%
github.com/a2sh3r/sysmetrics/internal/config/config.go:97:				NewServerConfig			85.7%
github.com/a2sh3r/sysmetrics/internal/config/config.go:112:				isHTTPAddress			100.0%
github.com/a2sh3r/sysmetrics/internal/config/flags.go:18:				String				100.0%
github.com/a2sh3r/sysmetrics/internal/config/flags.go:23:				Set				100.0%
github.com/a2sh3r/sysmetrics/internal/config/flags.go:41:				ParseFlags			91.3%
github.com/a2sh3r/sysmetrics/internal/config/flags.go:92:				ParseFlags			0.0%
github.com/a2sh3r/sysmetrics/internal/crypto/decrypt.go:18:				NewDecryptor			58.8%
github.com/a2sh3r/sysmetrics/internal/crypto/decrypt.go:51:				Decrypt				86.7%
github.com/a2sh3r/sysmetrics/internal/crypto/encrypt.go:20:				NewEncryptor			58.8%
github.com/a2sh3r/sysmetrics/internal/crypto/encrypt.go:55:				Encrypt				89.5%
github.com/a2sh3r/sysmetrics/internal/hash/hash.go:11:					CalculateHash			100.0%
github.com/a2sh3r/sysmetrics/internal/hash/hash.go:26:					VerifyHash			100.0%
github.com/a2sh3r/sysmetrics/internal/logger/logger.go:10:				Initialize			90.0%
github.com/a2sh3r/sysmetrics/internal/logger/logger.go:31:				AsyncInfo			100.0%
github.com/a2sh3r/sysmetrics/internal/logger/logger.go:38:				AsyncWarn			100.0%
github.com/a2sh3r/sysmetrics/internal/logger/logger.go:45:				AsyncError			100.0%
github.com/a2sh3r/sysmetrics/internal/server/database/db.go:17:				InitDB				0.0%
github.com/a2sh3r/sysmetrics/internal/server/database/db.go:33:				CloseDB				0.0%
github.com/a2sh3r/sysmetrics/internal/server/handlers/handler.go:32:			NewHandler			100.0%
github.com/a2sh3r/sysmetrics/internal/server/handlers/router.go:14:			NewRouter			82.6%
github.com/a2sh3r/sysmetrics/internal/server/handlers/serialized_handler.go:16:		UpdateSerializedMetric		48.6%
github.com/a2sh3r/sysmetrics/internal/server/handlers/serialized_handler.go:70:		GetSerializedMetric		78.9%
github.com/a2sh3r/sysmetrics/internal/server/handlers/serialized_handler.go:102:	UpdateSerializedMetrics		87.1%
github.com/a2sh3r/sysmetrics/internal/server/handlers/standart_handler.go:19:		GetMetric			66.7%
github.com/a2sh3r/sysmetrics/internal/server/handlers/standart_handler.go:75:		GetMetrics			65.2%
github.com/a2sh3r/sysmetrics/internal/server/handlers/standart_handler.go:116:		UpdateMetric			54.5%
github.com/a2sh3r/sysmetrics/internal/server/handlers/standart_handler.go:188:		Ping				33.3%
github.com/a2sh3r/sysmetrics/internal/server/handlers/utils.go:15:			validateParams			100.0%
github.com/a2sh3r/sysmetrics/internal/server/handlers/utils.go:24:			setHeaders			100.0%
github.com/a2sh3r/sysmetrics/internal/server/handlers/utils.go:29:			formatMetric			100.0%
github.com/a2sh3r/sysmetrics/internal/server/handlers/utils.go:46:			convertMetricToModel		88.9%
github.com/a2sh3r/sysmetrics/internal/server/middleware/decrypt.go:19:			NewDecryptMiddleware		0.0%
github.com/a2sh3r/sysmetrics/internal/server/middleware/decrypt.go:33:			DecryptBody			0.0%
github.com/a2sh3r/sysmetrics/internal/server/middleware/gzip.go:23:			Write				100.0%
github.com/a2sh3r/sysmetrics/internal/server/middleware/gzip.go:28:			NewGzipMiddleware		69.2%
github.com/a2sh3r/sysmetrics/internal/server/middleware/hash.go:19:			NewHashMiddleware		75.0%
github.com/a2sh3r/sysmetrics/internal/server/middleware/hash.go:73:			Write				100.0%
github.com/a2sh3r/sysmetrics/internal/server/middleware/hash.go:83:			WriteHeader			100.0%
github.com/a2sh3r/sysmetrics/internal/server/middleware/ipcheck.go:15:			NewIPCheckMiddleware		100.0%
github.com/a2sh3r/sysmetrics/internal/server/middleware/logging.go:21:			Write				0.0%
github.com/a2sh3r/sysmetrics/internal/server/middleware/logging.go:28:			WriteHeader			0.0%
github.com/a2sh3r/sysmetrics/internal/server/middleware/logging.go:43:			init				66.7%
github.com/a2sh3r/sysmetrics/internal/server/middleware/logging.go:58:			NewLoggingMiddleware		0.0%
github.com/a2sh3r/sysmetrics/internal/server/repositories/metric_repository.go:12:	NewMetricRepo			100.0%
github.com/a2sh3r/sysmetrics/internal/server/repositories/metric_repository.go:17:	SaveMetric			100.0%
github.com/a2sh3r/sysmetrics/internal/server/repositories/metric_repository.go:22:	GetMetric			100.0%
github.com/a2sh3r/sysmetrics/internal/server/repositories/metric_repository.go:27:	GetMetrics			100.0%
github.com/a2sh3r/sysmetrics/internal/server/repositories/metric_repository.go:32:	UpdateMetricsBatch		0.0%
github.com/a2sh3r/sysmetrics/internal/server/restore/restore.go:41:			NewRestoreConfig		100.0%
github.com/a2sh3r/sysmetrics/internal/server/restore/restore.go:50:			StartRestore			0.0%
github.com/a2sh3r/sysmetrics/internal/server/restore/restore.go:74:			SaveToFile			69.6%
github.com/a2sh3r/sysmetrics/internal/server/restore/restore.go:117:			RestoreFromFile			0.0%
github.com/a2sh3r/sysmetrics/internal/server/services/metric_service.go:26:		NewService			100.0%
github.com/a2sh3r/sysmetrics/internal/server/services/metric_service.go:31:		UpdateGaugeMetric		100.0%
github.com/a2sh3r/sysmetrics/internal/server/services/metric_service.go:36:		UpdateCounterMetric		100.0%
github.com/a2sh3r/sysmetrics/internal/server/services/metric_service.go:41:		GetMetric			100.0%
github.com/a2sh3r/sysmetrics/internal/server/services/metric_service.go:46:		GetMetrics			100.0%
github.com/a2sh3r/sysmetrics/internal/server/services/metric_service.go:51:		UpdateMetricsBatch		100.0%
github.com/a2sh3r/sysmetrics/internal/server/services/metric_service.go:56:		UpdateGaugeMetricWithRetry	100.0%
github.com/a2sh3r/sysmetrics/internal/server/services/metric_service.go:63:		UpdateCounterMetricWithRetry	100.0%
github.com/a2sh3r/sysmetrics/internal/server/services/metric_service.go:70:		GetMetricWithRetry		100.0%
github.com/a2sh3r/sysmetrics/internal/server/services/metric_service.go:81:		GetMetricsWithRetry		100.0%
github.com/a2sh3r/sysmetrics/internal/server/services/metric_service.go:92:		UpdateMetricsBatchWithRetry	100.0%
github.com/a2sh3r/sysmetrics/internal/server/startup/startup.go:28:			RunServer			0.0%
github.com/a2sh3r/sysmetrics/internal/server/storage/dbstorage/dbstorage.go:22:		NewDBStorage			80.0%
github.com/a2sh3r/sysmetrics/internal/server/storage/dbstorage/dbstorage.go:40:		UpdateMetric			100.0%
github.com/a2sh3r/sysmetrics/internal/server/storage/dbstorage/dbstorage.go:68:		GetMetric			92.9%
github.com/a2sh3r/sysmetrics/internal/server/storage/dbstorage/dbstorage.go:94:		GetMetrics			78.3%
github.com/a2sh3r/sysmetrics/internal/server/storage/dbstorage/dbstorage.go:136:	UpdateMetricsBatch		67.6%
github.com/a2sh3r/sysmetrics/internal/server/storage/memstorage/memstorage.go:29:	NewMemStorage			100.0%
github.com/a2sh3r/sysmetrics/internal/server/storage/memstorage/memstorage.go:36:	GetMetric			81.8%
github.com/a2sh3r/sysmetrics/internal/server/storage/memstorage/memstorage.go:59:	GetMetrics			66.7%
github.com/a2sh3r/sysmetrics/internal/server/storage/memstorage/memstorage.go:77:	UpdateMetric			71.4%
github.com/a2sh3r/sysmetrics/internal/server/storage/memstorage/memstorage.go:128:	updateCounterMetric		90.0%
github.com/a2sh3r/sysmetrics/internal/server/storage/memstorage/memstorage.go:146:	updateGaugeMetric		100.0%
github.com/a2sh3r/sysmetrics/internal/server/storage/memstorage/memstorage.go:159:	UpdateMetricsBatch		76.5%
github.com/a2sh3r/sysmetrics/internal/server/utils/retry.go:25:				WithRetries			81.8%
github.com/a2sh3r/sysmetrics/internal/server/utils/retry.go:46:				IsRetriableError		71.4%
total:											(statements)			58.7%
